[0] deterministic k=5 wash 0.0 task t_90df39b2 logged
[1] deterministic k=4 wash 0.0 task t_a6317cea logged
[2] deterministic k=5 wash 0.0 task None logged
[3] deterministic k=4 wash 0.0 task None logged
[4] deterministic k=5 wash 0.0 task None logged
[5] mimo-v2.5 k=4 wash 0.0 task None logged
[6] deterministic k=5 wash 0.0 task None logged
[7] deterministic k=4 wash 0.0 task None logged
[8] mimo-v2.5 k=5 wash 0.0 task None logged
[9] deterministic k=4 wash 0.0 task None logged
[10] deterministic k=5 wash 0.0 task None logged
[11] deterministic k=4 wash 0.0 task None logged
[12] deterministic k=5 wash 0.0 task None logged
[13] deterministic k=4 wash 0.0 task None logged
[14] deterministic k=5 wash 0.0 task None logged
[15] deterministic k=4 wash 0.0 task None logged
[16] deterministic k=5 wash 0.0 task None logged
[17] deterministic k=4 wash 0.0 task None logged
[18] deterministic k=5 wash 0.0 task None logged
[19] deterministic k=4 wash 0.0 task None logged
[20] deterministic k=5 wash 0.0 task None logged
[21] deterministic k=4 wash 0.0 task None logged
[22] deterministic k=5 wash 0.0 task None logged
[23] deterministic k=4 wash 0.0 task None logged
[24] deterministic k=5 wash 0.0 task None logged
[25] deterministic k=4 wash 0.0 task None logged
[26] deterministic k=5 wash 0.0 task None logged
[27] deterministic k=4 wash 0.0 task None logged
[28] deterministic k=5 wash 0.0 task None logged
[29] deterministic k=4 wash 0.0 task None logged
[30] deterministic k=5 wash 0.0 task None logged
[31] deterministic k=4 wash 0.0 task None logged
[32] deterministic k=5 wash 0.0 task None logged
[33] deterministic k=4 wash 0.0 task None logged
[34] deterministic k=5 wash 0.0 task None logged
[35] deterministic k=4 wash 0.0 task None logged
[36] deterministic k=5 wash 0.0 task None logged
[37] deterministic k=4 wash 0.0 task None logged
[38] deterministic k=5 wash 0.0 task None logged
[39] deterministic k=4 wash 0.0 task None logged
[40] deterministic k=5 wash 0.0 task None logged
[41] deterministic k=4 wash 0.0 task None logged
[42] deterministic k=5 wash 0.0 task None logged
[43] deterministic k=4 wash 0.0 task None logged
[44] deterministic k=5 wash 0.0 task None logged
[45] mimo-v2.5 k=4 wash 0.0 task None logged
[46] deterministic k=5 wash 0.0 task None logged
[47] deterministic k=4 wash 0.0 task None logged
[48] deterministic k=5 wash 0.0 task None logged
[49] deterministic k=4 wash 0.0 task None logged
[50] deterministic k=5 wash 0.0 task None logged
[51] deterministic k=4 wash 0.0 task None logged
[52] deterministic k=5 wash 0.0 task None logged
[53] deterministic k=4 wash 0.0 task None logged
[54] deterministic k=5 wash 0.0 task None logged
[55] deterministic k=4 wash 0.0 task None logged
[56] deterministic k=5 wash 0.0 task None logged
[57] deterministic k=4 wash 0.0 task None logged
[58] deterministic k=5 wash 0.0 task None logged
[59] deterministic k=4 wash 0.0 task None logged
[60] deterministic k=5 wash 0.0 task None logged
[61] deterministic k=4 wash 0.0 task None logged
[62] deterministic k=5 wash 0.0 task None logged
[63] deterministic k=4 wash 0.0 task None logged
[64] deterministic k=5 wash 0.0 task None logged
[65] deterministic k=4 wash 0.0 task None logged
[66] mimo-v2.5 k=5 wash 0.0 task None logged
[67] deterministic k=4 wash 0.0 task None logged
[68] deterministic k=5 wash 0.0 task None logged
[69] deterministic k=4 wash 0.0 task None logged
[70] deterministic k=5 wash 0.0 task None logged
[71] mimo-v2.5 k=4 wash 0.0 task None logged
[72] deterministic k=5 wash 0.0 task None logged
[73] deterministic k=4 wash 0.0 task None logged
[74] deterministic k=5 wash 0.0 task None logged
[75] deterministic k=4 wash 0.0 task None logged
[76] deterministic k=5 wash 0.0 task None logged
[77] deterministic k=4 wash 0.0 task None logged
[78] deterministic k=5 wash 0.0 task None logged
[79] deterministic k=4 wash 0.0 task None logged
[80] deterministic k=5 wash 0.0 task None logged
[81] deterministic k=4 wash 0.0 task None logged
[82] deterministic k=5 wash 0.0 task None logged
[83] deterministic k=4 wash 0.0 task None logged
[84] deterministic k=5 wash 0.0 task None logged
[85] deterministic k=4 wash 0.0 task None logged
[86] deterministic k=5 wash 0.0 task None logged
[87] deterministic k=4 wash 0.0 task None logged
[88] deterministic k=5 wash 0.0 task None logged
[89] deterministic k=4 wash 0.0 task None logged
[90] deterministic k=5 wash 0.0 task None logged
[91] deterministic k=4 wash 0.0 task None logged
[92] deterministic k=5 wash 0.0 task None logged
[80] deterministic k=5 wash 0.0 task None logged
[81] deterministic k=4 wash 0.0 task None logged
[2026-08-24T16:35:41+00:00] daemon exited 0, restarting in 30s
[2026-08-24T16:36:11+00:00] starting continuous_hermes_daemon
[0] deterministic k=3 wash 0.0 task None logged
[0] deterministic k=3 wash 0.0 task None logged
[1] deterministic k=4 wash 0.0 task None logged
[2] deterministic k=5 wash 0.0 task None logged
[3] deterministic k=6 wash 0.0 task None logged
[4] deterministic k=3 wash 0.0 task None logged
[5] deterministic k=4 wash 0.0 task None logged
[6] deterministic k=5 wash 0.0 task None logged
[7] deterministic k=6 wash 0.0 task None logged
[8] deterministic k=3 wash 0.0 task None logged
[9] deterministic k=4 wash 0.0 task None logged
[10] deterministic k=5 wash 0.0 task None logged
[11] deterministic k=6 wash 0.0 task None logged
[12] deterministic k=3 wash 0.0 task None logged
[13] deterministic k=4 wash 0.0 task None logged
[14] deterministic k=5 wash 0.0 task None logged
[15] deterministic k=6 wash 0.0 task None logged
[16] deterministic k=3 wash 0.0 task None logged
[17] deterministic k=4 wash 0.0 task None logged
[18] deterministic k=5 wash 0.0 task None logged
[19] deterministic k=6 wash 0.0 task None logged
[20] deterministic k=3 wash 0.0 task None logged
[21] deterministic k=4 wash 0.0 task None logged
[22] deterministic k=5 wash 0.0 task None logged
[23] deterministic k=6 wash 0.0 task None logged
[24] deterministic k=3 wash 0.0 task None logged
[25] deterministic k=4 wash 0.0 task None logged
[26] deterministic k=5 wash 0.0 task None logged
[27] deterministic k=6 wash 0.0 task None logged
[28] deterministic k=3 wash 0.0 task None logged
[29] deterministic k=4 wash 0.0 task None logged
[30] deterministic k=5 wash 0.0 task None logged
[31] deterministic k=6 wash 0.0 task None logged
[32] deterministic k=3 wash 0.0 task None logged
[33] deterministic k=4 wash 0.0 task None logged
[34] deterministic k=5 wash 0.0 task None logged
[35] deterministic k=6 wash 0.0 task None logged
[36] deterministic k=3 wash 0.0 task None logged
[37] deterministic k=4 wash 0.0 task None logged
[38] deterministic k=5 wash 0.0 task None logged
[39] deterministic k=6 wash 0.0 task None logged
[40] deterministic k=3 wash 0.0 task None logged
[41] deterministic k=4 wash 0.0 task None logged
[42] deterministic k=5 wash 0.0 task None logged
[43] deterministic k=6 wash 0.0 task None logged
[44] deterministic k=3 wash 0.0 task None logged
[45] deterministic k=4 wash 0.0 task None logged
[46] deterministic k=5 wash 0.0 task None logged
